// Jest Snapshot v1, https://goo.gl/fbAQLP

exports[`Menu should render correctly 1`] = `
<WithStyles(ForwardRef(Drawer))
  anchor="left"
  onClose={[Function]}
  open={false}
>
  <div
    role="presentation"
  >
    <WithStyles(ForwardRef(List))>
      <WithStyles(ForwardRef(ListItem))
        button={true}
        key="Home"
      >
        <WithStyles(ForwardRef(ListItemIcon))>
          <WithStyles(ForwardRef(Icon))>
            home
          </WithStyles(ForwardRef(Icon))>
        </WithStyles(ForwardRef(ListItemIcon))>
        <WithStyles(ForwardRef(ListItemText))
          primary="Home"
        />
      </WithStyles(ForwardRef(ListItem))>
      <WithStyles(ForwardRef(ListItem))
        button={true}
        key="Favorites"
      >
        <WithStyles(ForwardRef(ListItemIcon))>
          <WithStyles(ForwardRef(Icon))>
            favorite
          </WithStyles(ForwardRef(Icon))>
        </WithStyles(ForwardRef(ListItemIcon))>
        <WithStyles(ForwardRef(ListItemText))
          primary="Favorites"
        />
      </WithStyles(ForwardRef(ListItem))>
    </WithStyles(ForwardRef(List))>
    <WithStyles(ForwardRef(Divider)) />
  </div>
</WithStyles(ForwardRef(Drawer))>
`;
