// Jest Snapshot v1, https://goo.gl/fbAQLP

exports[`App should render correctly 1`] = `
<BrowserRouter>
  <AuthProvider>
    <Navbar />
    <Layout>
      <Switch>
        <Route
          component={[Function]}
          exact={true}
          path="/"
        />
        <Route
          component={[Function]}
          exact={true}
          path="/login"
        />
        <Route
          component={[Function]}
          exact={true}
          path="*"
        />
      </Switch>
    </Layout>
  </AuthProvider>
</BrowserRouter>
`;
